// Jest Snapshot v1, https://goo.gl/fbAQLP

exports[`CommonTopContentCard renders 1`] = `
<div>
  <div
    class="c-CommonTopContentCard"
  >
    <div
      class="c-CommonTopContentCard__Image"
    >
      <img
        alt=""
        class="c-CommonTopContentCard__Img_desktop"
        data-nimg="1"
        decoding="async"
        height="308"
        loading="lazy"
        src="/images/pictos/default.svg"
        style="color: transparent;"
        width="480"
      />
    </div>
    <div
      class="c-CommonTopContentCard__ContentContainer"
    >
      <div
        class="c-CommonTopContentCard__Content"
      >
        <div
          class="c-CommonTopContentCard__ContentTags"
        >
          <div
            class="c-CommonTopContentCard__Tags"
          />
          <div
            class="c-CommonTopContentCard__ContentCardDate"
          />
        </div>
        <div
          class="c-CommonTopContentCard__Description"
        >
          <h2
            class="c-CommonTopContentCard__TitleContent"
          >
            common top content card title
          </h2>
          <p
            class="c-CommonTopContentCard__DescriptionContent"
          />
        </div>
        <a
          class="c-CommonTopContentCard__Link"
          href="/accueil"
        >
          <span
            class="c-CommonTopContentCard__Label"
          >
            En savoir plus
          </span>
          <div />
        </a>
      </div>
    </div>
  </div>
</div>
`;
