// Jest Snapshot v1, https://goo.gl/fbAQLP

exports[`FormInput renders 1`] = `
<div>
  <div
    class="c-FormInput"
  >
    <div
      class="c-FormLabel"
    >
      <label
        class="c-FormLabel__LabelWrapper"
        for="form-input"
      >
        <span
          class="c-FormLabel__Label"
        >
          form input
        </span>
        <span
          class="c-FormLabel__Validation"
        >
          validation label
        </span>
      </label>
      <label
        class="c-FormLabel__LabelWrapper"
        for="form-input"
      >
        <span
          class="FormLabel__Secondary"
        >
          secondary label
        </span>
      </label>
      <div
        class="c-FormLabel__Content"
      >
        <input
          aria-errormessage="form-input_error"
          aria-invalid="false"
          class="c-FormInput__Input"
          data-testid="form-input"
          id="form-input"
          name="form-input"
          type="text"
          value=""
        />
      </div>
    </div>
  </div>
</div>
`;
