// Jest Snapshot v1, https://goo.gl/fbAQLP

exports[`Header renders 1`] = `
<div>
  <div
    class="c-Footer"
  >
    <footer
      class="c-Footer__ContentContainer"
      data-testid="footer"
      role="contentinfo"
    >
      <a
        class="c-Footer__Link"
        href="/accessibilite"
      >
        <span>
          Accessibilité : non conforme
        </span>
      </a>
      <a
        class="c-Footer__Link"
        href="/conditions-generales"
      >
        <span>
          Conditions générales
        </span>
      </a>
      <a
        class="c-Footer__Link"
        href="/cookie"
      >
        <span>
          Politique de cookies
        </span>
      </a>
      <a
        class="c-Footer__Link"
        href="/confidentialite"
      >
        <span>
          Politique de confidentialité
        </span>
      </a>
    </footer>
    <span
      class="c-Footer__Version"
    >
      Version - 
      1.0.0
    </span>
  </div>
</div>
`;
