// Jest Snapshot v1, https://goo.gl/fbAQLP

exports[`FormCheckbox renders 1`] = `
<div>
  <div
    class="c-FormCheckbox"
  >
    <input
      class="c-FormCheckbox__Input "
      data-testid="form-checkbox"
      id="form-checkbox"
      name="form-checkbox"
      type="checkbox"
    />
    <div
      class="c-FormLabel"
    >
      <label
        class="c-FormLabel__LabelWrapper"
        for="form-checkbox"
      >
        <span
          class="c-FormLabel__Label"
        >
          form checkbox
        </span>
      </label>
      <label
        class="c-FormLabel__LabelWrapper"
        for="form-checkbox"
      >
        <span
          class="FormLabel__Secondary"
        >
          secondary label
        </span>
      </label>
    </div>
  </div>
  ,
</div>
`;
