// Jest Snapshot v1, https://goo.gl/fbAQLP

exports[`CommonPagination renders 1`] = `
<div>
  <div
    class="c-CommonPagination c-CommonPagination_hasRowsPerPage"
  >
    <div
      class="c-CommonPagination__RowsPerPage"
    >
      <select
        class="c-CommonPagination__Select"
        id="rowsPerPage"
        name="rowsPerPage"
      >
        <option
          selected=""
          value="10"
        >
          10
        </option>
        <option
          value="20"
        >
          20
        </option>
        <option
          value="50"
        >
          50
        </option>
        <option
          value="100"
        >
          100
        </option>
      </select>
      <span
        class="c-CommonPagination__Label"
      >
        Entrées par page
      </span>
    </div>
    <nav
      class="c-CommonPagination__Navigation"
    >
      <div
        class="c-CommonPagination__Backward c-CommonPagination__Backward_disabled"
      >
        <button
          class="c-CommonPagination__Button"
          disabled=""
          type="button"
        >
          <img
            alt="Aller à la première page"
            class="c-CommonPagination__Button_reverse"
            data-nimg="1"
            decoding="async"
            height="24"
            loading="lazy"
            src="/images/pictos/navigation-arrow-to.svg"
            style="color: transparent;"
            width="24"
          />
        </button>
        <button
          class="c-CommonPagination__Button"
          disabled=""
          type="button"
        >
          <img
            alt="Aller à la page précédente"
            class="c-CommonPagination__Button_reverse"
            data-nimg="1"
            decoding="async"
            height="24"
            loading="lazy"
            src="/images/pictos/navigation-arrow.svg"
            style="color: transparent;"
            width="24"
          />
        </button>
      </div>
      <div
        class="c-CommonPagination__Pages"
      >
        <button
          class="c-CommonPagination__Page c-CommonPagination__Page_active"
        >
          1
        </button>
        <button
          class="c-CommonPagination__Page"
        >
          2
        </button>
        <button
          class="c-CommonPagination__Page"
        >
          3
        </button>
      </div>
      <div
        class="c-CommonPagination__Forward"
      >
        <button
          class="c-CommonPagination__Button"
          type="button"
        >
          <img
            alt="Aller à la page suivante"
            data-nimg="1"
            decoding="async"
            height="24"
            loading="lazy"
            src="/images/pictos/navigation-arrow.svg"
            style="color: transparent;"
            width="24"
          />
        </button>
        <button
          class="c-CommonPagination__Button"
          type="button"
        >
          <img
            alt="Aller à la dernière page"
            data-nimg="1"
            decoding="async"
            height="24"
            loading="lazy"
            src="/images/pictos/navigation-arrow-to.svg"
            style="color: transparent;"
            width="24"
          />
        </button>
      </div>
    </nav>
  </div>
</div>
`;
