// Jest Snapshot v1, https://goo.gl/fbAQLP

exports[`TopContentBlock renders titleContent 1`] = `
<div>
  <section
    class="c-TopContentBlock"
  >
    <div
      class="c-CommonBlockHeading c-CommonBlockHeading_alignLeft"
    >
      <h2>
        Actualités et événements
      </h2>
      <div
        class="c-CommonBlockHeading__Line"
      />
    </div>
    <div
      class="c-TopContentBlock__Content"
    >
      <a
        class="c-TopContentCard"
        href="/actualites/1"
      >
        <div
          class="c-TopContentCard__Banner"
        />
        <div
          class="c-TopContentCard__CardContainer"
        >
          <div
            class="c-TopContentCard__Card"
          >
            <div
              class="c-TopContentCard__Header"
            >
              <div
                class="c-TopContentCard__Tags"
              />
            </div>
            <div
              class="c-TopContentCard__Content"
            >
              <h3
                class="c-TopContentCard__Title"
              >
                Actu test
              </h3>
              <p
                class="c-TopContentCard__Description"
              >
                Test
              </p>
            </div>
            <div
              class="c-TopContentCard__KnowMore"
            >
              <span>
                En savoir plus
              </span>
              <div />
            </div>
          </div>
        </div>
      </a>
      <div
        class="c-TopContentBlock__LastThreeContents"
      >
        <a
          class="c-CommonCardBlock__Container"
          href="/actualites/1"
        >
          <div
            class="c-CommonCardBlock"
          >
            <div
              class="c-CommonCardBlock__Image"
            >
              <img
                alt=""
                data-nimg="1"
                decoding="async"
                height="309"
                loading="lazy"
                src="/_next/image?url=https%3A%2F%2Fstomsdmediadev.blob.core.windows.net%2Fmsd-media-dev%2Fassets-local-modeste%2FCut%2520Down%2520Living%2520Tree.png&w=1080&q=75"
                srcset="/_next/image?url=https%3A%2F%2Fstomsdmediadev.blob.core.windows.net%2Fmsd-media-dev%2Fassets-local-modeste%2FCut%2520Down%2520Living%2520Tree.png&w=640&q=75 1x, /_next/image?url=https%3A%2F%2Fstomsdmediadev.blob.core.windows.net%2Fmsd-media-dev%2Fassets-local-modeste%2FCut%2520Down%2520Living%2520Tree.png&w=1080&q=75 2x"
                style="color: transparent;"
                width="482"
              />
            </div>
            <div
              class="c-CommonCardBlock__Content"
            >
              <div
                class="c-CommonCardBlock__ContentHeader"
              >
                <div
                  class="c-CommonCardBlock__DateContainer"
                >
                  29 décembre 2022
                </div>
                <span
                  class="c-CommonCardBlock__Tag c-CommonCardBlock__Tag_background"
                >
                  Biodéchets
                </span>
              </div>
              <div
                class="c-CommonCardBlock__ContentBody"
              >
                <h3
                  class="c-CommonCardBlock__Title"
                >
                  Suspendisse et est sem
                </h3>
                <p
                  class="c-CommonCardBlock__Description"
                >
                  Vestibulum cursus eros ut ligula lobortis auctor. Quisque luctus sagittis tellus
                </p>
              </div>
              <div
                class="c-CommonCardBlock__Link"
              >
                <span>
                  En savoir plus
                </span>
                <img
                  alt=""
                  aria-hidden="true"
                  data-nimg="1"
                  decoding="async"
                  height="24"
                  loading="lazy"
                  src="/images/pictos/arrow.svg"
                  style="color: transparent;"
                  width="24"
                />
              </div>
            </div>
          </div>
        </a>
        <a
          class="c-CommonCardBlock__Container"
          href="/actualites/2"
        >
          <div
            class="c-CommonCardBlock"
          >
            <div
              class="c-CommonCardBlock__Image"
            >
              <img
                alt=""
                data-nimg="1"
                decoding="async"
                height="309"
                loading="lazy"
                src="/_next/image?url=https%3A%2F%2Fstomsdmediadev.blob.core.windows.net%2Fmsd-media-dev%2Fassets-local-modeste%2FCut%2520Down%2520Living%2520Tree.png&w=1080&q=75"
                srcset="/_next/image?url=https%3A%2F%2Fstomsdmediadev.blob.core.windows.net%2Fmsd-media-dev%2Fassets-local-modeste%2FCut%2520Down%2520Living%2520Tree.png&w=640&q=75 1x, /_next/image?url=https%3A%2F%2Fstomsdmediadev.blob.core.windows.net%2Fmsd-media-dev%2Fassets-local-modeste%2FCut%2520Down%2520Living%2520Tree.png&w=1080&q=75 2x"
                style="color: transparent;"
                width="482"
              />
            </div>
            <div
              class="c-CommonCardBlock__Content"
            >
              <div
                class="c-CommonCardBlock__ContentHeader"
              >
                <div
                  class="c-CommonCardBlock__DateContainer"
                >
                  5 décembre 2022
                </div>
                <span
                  class="c-CommonCardBlock__Tag c-CommonCardBlock__Tag_background"
                >
                  Biodéchets
                </span>
                <span
                  class="c-CommonCardBlock__Tag c-CommonCardBlock__Tag_background"
                >
                  Compostage
                </span>
              </div>
              <div
                class="c-CommonCardBlock__ContentBody"
              >
                <h3
                  class="c-CommonCardBlock__Title"
                >
                  Café préparation
                </h3>
                <p
                  class="c-CommonCardBlock__Description"
                >
                  Participer à un café réparation avec La Recyclade au café restaurant de la Maison Phare. Vous apprendrez à faire un diagnostic et à réparer votre petit appareil électrique ou électronique de la vie quotidienne
                </p>
              </div>
              <div
                class="c-CommonCardBlock__Link"
              >
                <span>
                  En savoir plus
                </span>
                <img
                  alt=""
                  aria-hidden="true"
                  data-nimg="1"
                  decoding="async"
                  height="24"
                  loading="lazy"
                  src="/images/pictos/arrow.svg"
                  style="color: transparent;"
                  width="24"
                />
              </div>
            </div>
          </div>
        </a>
        <a
          class="c-CommonCardBlock__Container"
          href="/evenements/3"
        >
          <div
            class="c-CommonCardBlock"
          >
            <div
              class="c-CommonCardBlock__Image"
            >
              <img
                alt=""
                data-nimg="1"
                decoding="async"
                height="309"
                loading="lazy"
                src="/_next/image?url=https%3A%2F%2Fstomsdmediadev.blob.core.windows.net%2Fmsd-media-dev%2Fassets-local-modeste%2FCut%2520Down%2520Living%2520Tree.png&w=1080&q=75"
                srcset="/_next/image?url=https%3A%2F%2Fstomsdmediadev.blob.core.windows.net%2Fmsd-media-dev%2Fassets-local-modeste%2FCut%2520Down%2520Living%2520Tree.png&w=640&q=75 1x, /_next/image?url=https%3A%2F%2Fstomsdmediadev.blob.core.windows.net%2Fmsd-media-dev%2Fassets-local-modeste%2FCut%2520Down%2520Living%2520Tree.png&w=1080&q=75 2x"
                style="color: transparent;"
                width="482"
              />
            </div>
            <div
              class="c-CommonCardBlock__Content"
            >
              <div
                class="c-CommonCardBlock__ContentHeader"
              >
                <div
                  class="c-CommonCardBlock__DateContainer"
                >
                  5 décembre 2022
                </div>
                <span
                  class="c-CommonCardBlock__Tag c-CommonCardBlock__Tag_background"
                >
                  Biodéchets
                </span>
                <span
                  class="c-CommonCardBlock__Tag c-CommonCardBlock__Tag_background"
                >
                  Compostage
                </span>
              </div>
              <div
                class="c-CommonCardBlock__ContentBody"
              >
                <h3
                  class="c-CommonCardBlock__Title"
                >
                  Café préparation
                </h3>
                <p
                  class="c-CommonCardBlock__Description"
                >
                  Participer à un café réparation avec La Recyclade au café restaurant de la Maison Phare. Vous apprendrez à faire un diagnostic et à réparer votre petit appareil électrique ou électronique de la vie quotidienne
                </p>
              </div>
              <div
                class="c-CommonCardBlock__Link"
              >
                <span>
                  En savoir plus
                </span>
                <img
                  alt=""
                  aria-hidden="true"
                  data-nimg="1"
                  decoding="async"
                  height="24"
                  loading="lazy"
                  src="/images/pictos/arrow.svg"
                  style="color: transparent;"
                  width="24"
                />
              </div>
            </div>
          </div>
        </a>
      </div>
    </div>
    <a
      href="/actualites-evenements"
    >
      <button
        class="c-CommonButton c-CommonButton_primary c-CommonButton_fontSmall"
        type="button"
      >
        Voir plus d’actualités et d’événements
      </button>
    </a>
  </section>
</div>
`;

exports[`TopContentBlock renders top Content and three topContents 1`] = `
<div>
  <section
    class="c-TopContentBlock"
  >
    <div
      class="c-CommonBlockHeading c-CommonBlockHeading_alignLeft"
    >
      <h2>
        Actualités et événements
      </h2>
      <div
        class="c-CommonBlockHeading__Line"
      />
    </div>
    <div
      class="c-TopContentBlock__Content"
    >
      <a
        class="c-TopContentCard"
        href="/actualites/1"
      >
        <div
          class="c-TopContentCard__Banner"
        />
        <div
          class="c-TopContentCard__CardContainer"
        >
          <div
            class="c-TopContentCard__Card"
          >
            <div
              class="c-TopContentCard__Header"
            >
              <div
                class="c-TopContentCard__Tags"
              />
            </div>
            <div
              class="c-TopContentCard__Content"
            >
              <h3
                class="c-TopContentCard__Title"
              >
                Actu test
              </h3>
              <p
                class="c-TopContentCard__Description"
              >
                Test
              </p>
            </div>
            <div
              class="c-TopContentCard__KnowMore"
            >
              <span>
                En savoir plus
              </span>
              <div />
            </div>
          </div>
        </div>
      </a>
      <div
        class="c-TopContentBlock__LastThreeContents"
      >
        <a
          class="c-CommonCardBlock__Container"
          href="/actualites/1"
        >
          <div
            class="c-CommonCardBlock"
          >
            <div
              class="c-CommonCardBlock__Image"
            >
              <img
                alt=""
                data-nimg="1"
                decoding="async"
                height="309"
                loading="lazy"
                src="/_next/image?url=https%3A%2F%2Fstomsdmediadev.blob.core.windows.net%2Fmsd-media-dev%2Fassets-local-modeste%2FCut%2520Down%2520Living%2520Tree.png&w=1080&q=75"
                srcset="/_next/image?url=https%3A%2F%2Fstomsdmediadev.blob.core.windows.net%2Fmsd-media-dev%2Fassets-local-modeste%2FCut%2520Down%2520Living%2520Tree.png&w=640&q=75 1x, /_next/image?url=https%3A%2F%2Fstomsdmediadev.blob.core.windows.net%2Fmsd-media-dev%2Fassets-local-modeste%2FCut%2520Down%2520Living%2520Tree.png&w=1080&q=75 2x"
                style="color: transparent;"
                width="482"
              />
            </div>
            <div
              class="c-CommonCardBlock__Content"
            >
              <div
                class="c-CommonCardBlock__ContentHeader"
              >
                <div
                  class="c-CommonCardBlock__DateContainer"
                >
                  29 décembre 2022
                </div>
                <span
                  class="c-CommonCardBlock__Tag c-CommonCardBlock__Tag_background"
                >
                  Biodéchets
                </span>
              </div>
              <div
                class="c-CommonCardBlock__ContentBody"
              >
                <h3
                  class="c-CommonCardBlock__Title"
                >
                  Suspendisse et est sem
                </h3>
                <p
                  class="c-CommonCardBlock__Description"
                >
                  Vestibulum cursus eros ut ligula lobortis auctor. Quisque luctus sagittis tellus
                </p>
              </div>
              <div
                class="c-CommonCardBlock__Link"
              >
                <span>
                  En savoir plus
                </span>
                <img
                  alt=""
                  aria-hidden="true"
                  data-nimg="1"
                  decoding="async"
                  height="24"
                  loading="lazy"
                  src="/images/pictos/arrow.svg"
                  style="color: transparent;"
                  width="24"
                />
              </div>
            </div>
          </div>
        </a>
        <a
          class="c-CommonCardBlock__Container"
          href="/actualites/2"
        >
          <div
            class="c-CommonCardBlock"
          >
            <div
              class="c-CommonCardBlock__Image"
            >
              <img
                alt=""
                data-nimg="1"
                decoding="async"
                height="309"
                loading="lazy"
                src="/_next/image?url=https%3A%2F%2Fstomsdmediadev.blob.core.windows.net%2Fmsd-media-dev%2Fassets-local-modeste%2FCut%2520Down%2520Living%2520Tree.png&w=1080&q=75"
                srcset="/_next/image?url=https%3A%2F%2Fstomsdmediadev.blob.core.windows.net%2Fmsd-media-dev%2Fassets-local-modeste%2FCut%2520Down%2520Living%2520Tree.png&w=640&q=75 1x, /_next/image?url=https%3A%2F%2Fstomsdmediadev.blob.core.windows.net%2Fmsd-media-dev%2Fassets-local-modeste%2FCut%2520Down%2520Living%2520Tree.png&w=1080&q=75 2x"
                style="color: transparent;"
                width="482"
              />
            </div>
            <div
              class="c-CommonCardBlock__Content"
            >
              <div
                class="c-CommonCardBlock__ContentHeader"
              >
                <div
                  class="c-CommonCardBlock__DateContainer"
                >
                  5 décembre 2022
                </div>
                <span
                  class="c-CommonCardBlock__Tag c-CommonCardBlock__Tag_background"
                >
                  Biodéchets
                </span>
                <span
                  class="c-CommonCardBlock__Tag c-CommonCardBlock__Tag_background"
                >
                  Compostage
                </span>
              </div>
              <div
                class="c-CommonCardBlock__ContentBody"
              >
                <h3
                  class="c-CommonCardBlock__Title"
                >
                  Café préparation
                </h3>
                <p
                  class="c-CommonCardBlock__Description"
                >
                  Participer à un café réparation avec La Recyclade au café restaurant de la Maison Phare. Vous apprendrez à faire un diagnostic et à réparer votre petit appareil électrique ou électronique de la vie quotidienne
                </p>
              </div>
              <div
                class="c-CommonCardBlock__Link"
              >
                <span>
                  En savoir plus
                </span>
                <img
                  alt=""
                  aria-hidden="true"
                  data-nimg="1"
                  decoding="async"
                  height="24"
                  loading="lazy"
                  src="/images/pictos/arrow.svg"
                  style="color: transparent;"
                  width="24"
                />
              </div>
            </div>
          </div>
        </a>
        <a
          class="c-CommonCardBlock__Container"
          href="/evenements/3"
        >
          <div
            class="c-CommonCardBlock"
          >
            <div
              class="c-CommonCardBlock__Image"
            >
              <img
                alt=""
                data-nimg="1"
                decoding="async"
                height="309"
                loading="lazy"
                src="/_next/image?url=https%3A%2F%2Fstomsdmediadev.blob.core.windows.net%2Fmsd-media-dev%2Fassets-local-modeste%2FCut%2520Down%2520Living%2520Tree.png&w=1080&q=75"
                srcset="/_next/image?url=https%3A%2F%2Fstomsdmediadev.blob.core.windows.net%2Fmsd-media-dev%2Fassets-local-modeste%2FCut%2520Down%2520Living%2520Tree.png&w=640&q=75 1x, /_next/image?url=https%3A%2F%2Fstomsdmediadev.blob.core.windows.net%2Fmsd-media-dev%2Fassets-local-modeste%2FCut%2520Down%2520Living%2520Tree.png&w=1080&q=75 2x"
                style="color: transparent;"
                width="482"
              />
            </div>
            <div
              class="c-CommonCardBlock__Content"
            >
              <div
                class="c-CommonCardBlock__ContentHeader"
              >
                <div
                  class="c-CommonCardBlock__DateContainer"
                >
                  5 décembre 2022
                </div>
                <span
                  class="c-CommonCardBlock__Tag c-CommonCardBlock__Tag_background"
                >
                  Biodéchets
                </span>
                <span
                  class="c-CommonCardBlock__Tag c-CommonCardBlock__Tag_background"
                >
                  Compostage
                </span>
              </div>
              <div
                class="c-CommonCardBlock__ContentBody"
              >
                <h3
                  class="c-CommonCardBlock__Title"
                >
                  Café préparation
                </h3>
                <p
                  class="c-CommonCardBlock__Description"
                >
                  Participer à un café réparation avec La Recyclade au café restaurant de la Maison Phare. Vous apprendrez à faire un diagnostic et à réparer votre petit appareil électrique ou électronique de la vie quotidienne
                </p>
              </div>
              <div
                class="c-CommonCardBlock__Link"
              >
                <span>
                  En savoir plus
                </span>
                <img
                  alt=""
                  aria-hidden="true"
                  data-nimg="1"
                  decoding="async"
                  height="24"
                  loading="lazy"
                  src="/images/pictos/arrow.svg"
                  style="color: transparent;"
                  width="24"
                />
              </div>
            </div>
          </div>
        </a>
      </div>
    </div>
    <a
      href="/actualites-evenements"
    >
      <button
        class="c-CommonButton c-CommonButton_primary c-CommonButton_fontSmall"
        type="button"
      >
        Voir plus d’actualités et d’événements
      </button>
    </a>
  </section>
</div>
`;
